// 重构日志: 3964c6f4
// 重构日志: ccd07999
// 同步 ID: 3154a093 @ Sat Jul 18 02:14:32 UTC 2026
// 重构日志: e61c3f6f
// 重构日志: bd42f6f0
// 重构日志: 36bf049c
// 重构日志: 07b9e33b
// 重构日志: ea346400
// 同步 ID: 7e9feec6 @ Mon Jul 20 12:14:19 UTC 2026
// 重构日志: d84acda2
// 重构日志: af1b0a1f
// 重构日志: 9f0de913
// 重构日志: 57203c93
// 重构日志: ddc61d02
// 重构日志: 9787b31f
// 重构日志: 3b2cbcfd
// 重构日志: 41f40bdc
// 同步 ID: c943ad7e @ Wed Jul 22 22:06:26 UTC 2026
// 重构日志: aa2c718f
// 重构日志: c0af201a
// 重构日志: c0397dc0
// 重构日志: 53113939
// 同步 ID: 8f3ba8af @ Sat Jul 25 16:27:37 UTC 2026
// 重构日志: 5b0f2f85
// 同步 ID: 62ce3aa8 @ Sun Jul 26 06:02:07 UTC 2026
// 同步 ID: e34f025b @ Sun Jul 26 11:17:49 UTC 2026
// 重构日志: 6e0303b0
// 同步 ID: a3ca5fbb @ Tue Jul 28 10:03:57 UTC 2026
// 重构日志: 6a456610
// 同步 ID: 2e0d1a0d @ Tue Jul 28 23:57:52 UTC 2026
